 ·-----------------------------|---------------------------|----------------·
 |  Solc version: 0.8.9        ·  Optimizer enabled: true  ·  Runs: 200     │
 ······························|···························|·················
 |  Contract Name              ·  Size (KiB)               ·  Change (KiB)  │
 ······························|···························|·················
 |  ClPoolDeployer             ·                    0.130  ·         0.000  │
 ······························|···························|·················
 |  TestClPoolSwapPay          ·                    1.114  ·         0.000  │
 ······························|···························|·················
 |  ClPoolSwapTest             ·                    1.243  ·         0.000  │
 ······························|···························|·················
 |  TestClPoolRouter           ·                    2.514  ·         0.000  │
 ······························|···························|·················
 |  MockTimeClPoolDeployer     ·                    2.524  ·         0.000  │
 ······························|···························|·················
 |  TestClPoolReentrantCallee  ·                    3.879  ·         0.000  │
 ······························|···························|·················
 |  TestClPoolCallee           ·                    4.424  ·         0.000  │
 ······························|···························|·················
 |  ClPoolFactory              ·                    7.263  ·         0.000  │
 ······························|···························|·················
 |  MockTimeClPoolFactory      ·                    8.379  ·         0.000  │
 ······························|···························|·················
 |  ClPool                     ·                   23.980  ·         0.000  │
 ······························|···························|·················
 |  MockTimeClPool             ·                   26.524  ·         0.000  │
 ·-----------------------------|---------------------------|----------------·
