// Jest Snapshot v1, https://goo.gl/fbAQLP

exports[`ClPool gas tests fee is off #burn above current price burn entire position after some time passes 1`] = `240132`;

exports[`ClPool gas tests fee is off #burn above current price burn when only position using ticks 1`] = `240132`;

exports[`ClPool gas tests fee is off #burn above current price entire position burn but other positions are using the ticks 1`] = `240502`;

exports[`ClPool gas tests fee is off #burn above current price partial position burn 1`] = `245545`;

exports[`ClPool gas tests fee is off #burn around current price burn entire position after some time passes 1`] = `296131`;

exports[`ClPool gas tests fee is off #burn around current price burn when only position using ticks 1`] = `246042`;

exports[`ClPool gas tests fee is off #burn around current price entire position burn but other positions are using the ticks 1`] = `250412`;

exports[`ClPool gas tests fee is off #burn around current price partial position burn 1`] = `255455`;

exports[`ClPool gas tests fee is off #burn below current price burn entire position after some time passes 1`] = `234688`;

exports[`ClPool gas tests fee is off #burn below current price burn when only position using ticks 1`] = `234688`;

exports[`ClPool gas tests fee is off #burn below current price entire position burn but other positions are using the ticks 1`] = `243058`;

exports[`ClPool gas tests fee is off #burn below current price partial position burn 1`] = `248101`;

exports[`ClPool gas tests fee is off #collect close to worst case 1`] = `75017`;

exports[`ClPool gas tests fee is off #increaseObservationCardinalityNext grow by 1 slot 1`] = `75615`;

exports[`ClPool gas tests fee is off #increaseObservationCardinalityNext no op 1`] = `49159`;

exports[`ClPool gas tests fee is off #mint above current price add to position after some time passes 1`] = `268020`;

exports[`ClPool gas tests fee is off #mint above current price add to position existing 1`] = `268020`;

exports[`ClPool gas tests fee is off #mint above current price new position mint first in range 1`] = `466951`;

exports[`ClPool gas tests fee is off #mint above current price second position in same range 1`] = `363037`;

exports[`ClPool gas tests fee is off #mint around current price add to position after some time passes 1`] = `356890`;

exports[`ClPool gas tests fee is off #mint around current price add to position existing 1`] = `306801`;

exports[`ClPool gas tests fee is off #mint around current price new position mint first in range 1`] = `633431`;

exports[`ClPool gas tests fee is off #mint around current price second position in same range 1`] = `421719`;

exports[`ClPool gas tests fee is off #mint below current price add to position after some time passes 1`] = `270548`;

exports[`ClPool gas tests fee is off #mint below current price add to position existing 1`] = `270548`;

exports[`ClPool gas tests fee is off #mint below current price new position mint first in range 1`] = `548759`;

exports[`ClPool gas tests fee is off #mint below current price second position in same range 1`] = `365565`;

exports[`ClPool gas tests fee is off #poke best case 1`] = `164364`;

exports[`ClPool gas tests fee is off #snapshotCumulativesInside tick above 1`] = `58637`;

exports[`ClPool gas tests fee is off #snapshotCumulativesInside tick below 1`] = `58596`;

exports[`ClPool gas tests fee is off #snapshotCumulativesInside tick inside 1`] = `75466`;

exports[`ClPool gas tests fee is off #swapExact0For1 first swap in block moves tick, no initialized crossings 1`] = `196555`;

exports[`ClPool gas tests fee is off #swapExact0For1 first swap in block with no tick movement 1`] = `145908`;

exports[`ClPool gas tests fee is off #swapExact0For1 first swap in block, large swap crossing a single initialized tick 1`] = `285031`;

exports[`ClPool gas tests fee is off #swapExact0For1 first swap in block, large swap crossing several initialized ticks 1`] = `497048`;

exports[`ClPool gas tests fee is off #swapExact0For1 first swap in block, large swap, no initialized crossings 1`] = `211718`;

exports[`ClPool gas tests fee is off #swapExact0For1 large swap crossing several initialized ticks after some time passes 1`] = `497048`;

exports[`ClPool gas tests fee is off #swapExact0For1 large swap crossing several initialized ticks second time after some time passes 1`] = `362148`;

exports[`ClPool gas tests fee is off #swapExact0For1 second swap in block moves tick, no initialized crossings 1`] = `196555`;

exports[`ClPool gas tests fee is off #swapExact0For1 second swap in block with no tick movement 1`] = `146019`;

exports[`ClPool gas tests fee is off #swapExact0For1 second swap in block, large swap crossing a single initialized tick 1`] = `239155`;

exports[`ClPool gas tests fee is off #swapExact0For1 second swap in block, large swap crossing several initialized ticks 1`] = `451151`;

exports[`ClPool gas tests fee is on #burn above current price burn entire position after some time passes 1`] = `240132`;

exports[`ClPool gas tests fee is on #burn above current price burn when only position using ticks 1`] = `240132`;

exports[`ClPool gas tests fee is on #burn above current price entire position burn but other positions are using the ticks 1`] = `240502`;

exports[`ClPool gas tests fee is on #burn above current price partial position burn 1`] = `245545`;

exports[`ClPool gas tests fee is on #burn around current price burn entire position after some time passes 1`] = `296131`;

exports[`ClPool gas tests fee is on #burn around current price burn when only position using ticks 1`] = `246042`;

exports[`ClPool gas tests fee is on #burn around current price entire position burn but other positions are using the ticks 1`] = `250412`;

exports[`ClPool gas tests fee is on #burn around current price partial position burn 1`] = `255455`;

exports[`ClPool gas tests fee is on #burn below current price burn entire position after some time passes 1`] = `234688`;

exports[`ClPool gas tests fee is on #burn below current price burn when only position using ticks 1`] = `234688`;

exports[`ClPool gas tests fee is on #burn below current price entire position burn but other positions are using the ticks 1`] = `243058`;

exports[`ClPool gas tests fee is on #burn below current price partial position burn 1`] = `248101`;

exports[`ClPool gas tests fee is on #collect close to worst case 1`] = `75017`;

exports[`ClPool gas tests fee is on #increaseObservationCardinalityNext grow by 1 slot 1`] = `75615`;

exports[`ClPool gas tests fee is on #increaseObservationCardinalityNext no op 1`] = `49159`;

exports[`ClPool gas tests fee is on #mint above current price add to position after some time passes 1`] = `268020`;

exports[`ClPool gas tests fee is on #mint above current price add to position existing 1`] = `268020`;

exports[`ClPool gas tests fee is on #mint above current price new position mint first in range 1`] = `466951`;

exports[`ClPool gas tests fee is on #mint above current price second position in same range 1`] = `363037`;

exports[`ClPool gas tests fee is on #mint around current price add to position after some time passes 1`] = `356890`;

exports[`ClPool gas tests fee is on #mint around current price add to position existing 1`] = `306801`;

exports[`ClPool gas tests fee is on #mint around current price new position mint first in range 1`] = `633431`;

exports[`ClPool gas tests fee is on #mint around current price second position in same range 1`] = `421719`;

exports[`ClPool gas tests fee is on #mint below current price add to position after some time passes 1`] = `270548`;

exports[`ClPool gas tests fee is on #mint below current price add to position existing 1`] = `270548`;

exports[`ClPool gas tests fee is on #mint below current price new position mint first in range 1`] = `548759`;

exports[`ClPool gas tests fee is on #mint below current price second position in same range 1`] = `365565`;

exports[`ClPool gas tests fee is on #poke best case 1`] = `164364`;

exports[`ClPool gas tests fee is on #snapshotCumulativesInside tick above 1`] = `58637`;

exports[`ClPool gas tests fee is on #snapshotCumulativesInside tick below 1`] = `58596`;

exports[`ClPool gas tests fee is on #snapshotCumulativesInside tick inside 1`] = `75466`;

exports[`ClPool gas tests fee is on #swapExact0For1 first swap in block moves tick, no initialized crossings 1`] = `201992`;

exports[`ClPool gas tests fee is on #swapExact0For1 first swap in block with no tick movement 1`] = `151176`;

exports[`ClPool gas tests fee is on #swapExact0For1 first swap in block, large swap crossing a single initialized tick 1`] = `290637`;

exports[`ClPool gas tests fee is on #swapExact0For1 first swap in block, large swap crossing several initialized ticks 1`] = `503161`;

exports[`ClPool gas tests fee is on #swapExact0For1 first swap in block, large swap, no initialized crossings 1`] = `217493`;

exports[`ClPool gas tests fee is on #swapExact0For1 large swap crossing several initialized ticks after some time passes 1`] = `503161`;

exports[`ClPool gas tests fee is on #swapExact0For1 large swap crossing several initialized ticks second time after some time passes 1`] = `368261`;

exports[`ClPool gas tests fee is on #swapExact0For1 second swap in block moves tick, no initialized crossings 1`] = `201992`;

exports[`ClPool gas tests fee is on #swapExact0For1 second swap in block with no tick movement 1`] = `151287`;

exports[`ClPool gas tests fee is on #swapExact0For1 second swap in block, large swap crossing a single initialized tick 1`] = `244592`;

exports[`ClPool gas tests fee is on #swapExact0For1 second swap in block, large swap crossing several initialized ticks 1`] = `457095`;
