// Jest Snapshot v1, https://goo.gl/fbAQLP

exports[`UniswapV3Pool gas tests fee is off #burn above current price burn entire position after some time passes 1`] = `119805`;

exports[`UniswapV3Pool gas tests fee is off #burn above current price burn when only position using ticks 1`] = `119805`;

exports[`UniswapV3Pool gas tests fee is off #burn above current price entire position burn but other positions are using the ticks 1`] = `120641`;

exports[`UniswapV3Pool gas tests fee is off #burn above current price partial position burn 1`] = `130241`;

exports[`UniswapV3Pool gas tests fee is off #burn around current price burn entire position after some time passes 1`] = `156427`;

exports[`UniswapV3Pool gas tests fee is off #burn around current price burn when only position using ticks 1`] = `134669`;

exports[`UniswapV3Pool gas tests fee is off #burn around current price entire position burn but other positions are using the ticks 1`] = `128821`;

exports[`UniswapV3Pool gas tests fee is off #burn around current price partial position burn 1`] = `138421`;

exports[`UniswapV3Pool gas tests fee is off #burn below current price burn entire position after some time passes 1`] = `131211`;

exports[`UniswapV3Pool gas tests fee is off #burn below current price burn when only position using ticks 1`] = `131211`;

exports[`UniswapV3Pool gas tests fee is off #burn below current price entire position burn but other positions are using the ticks 1`] = `123698`;

exports[`UniswapV3Pool gas tests fee is off #burn below current price partial position burn 1`] = `133298`;

exports[`UniswapV3Pool gas tests fee is off #collect close to worst case 1`] = `45892`;

exports[`UniswapV3Pool gas tests fee is off #increaseObservationCardinalityNext grow by 1 slot 1`] = `50681`;

exports[`UniswapV3Pool gas tests fee is off #increaseObservationCardinalityNext no op 1`] = `24310`;

exports[`UniswapV3Pool gas tests fee is off #mint above current price add to position after some time passes 1`] = `139105`;

exports[`UniswapV3Pool gas tests fee is off #mint above current price add to position existing 1`] = `139105`;

exports[`UniswapV3Pool gas tests fee is off #mint above current price new position mint first in range 1`] = `335564`;

exports[`UniswapV3Pool gas tests fee is off #mint above current price second position in same range 1`] = `234100`;

exports[`UniswapV3Pool gas tests fee is off #mint around current price add to position after some time passes 1`] = `201338`;

exports[`UniswapV3Pool gas tests fee is off #mint around current price add to position existing 1`] = `171334`;

exports[`UniswapV3Pool gas tests fee is off #mint around current price new position mint first in range 1`] = `440275`;

exports[`UniswapV3Pool gas tests fee is off #mint around current price second position in same range 1`] = `266329`;

exports[`UniswapV3Pool gas tests fee is off #mint below current price add to position after some time passes 1`] = `142643`;

exports[`UniswapV3Pool gas tests fee is off #mint below current price add to position existing 1`] = `142643`;

exports[`UniswapV3Pool gas tests fee is off #mint below current price new position mint first in range 1`] = `420171`;

exports[`UniswapV3Pool gas tests fee is off #mint below current price second position in same range 1`] = `237638`;

exports[`UniswapV3Pool gas tests fee is off #poke best case 1`] = `82311`;

exports[`UniswapV3Pool gas tests fee is off #snapshotCumulativesInside tick above 1`] = `35771`;

exports[`UniswapV3Pool gas tests fee is off #snapshotCumulativesInside tick below 1`] = `35725`;

exports[`UniswapV3Pool gas tests fee is off #snapshotCumulativesInside tick inside 1`] = `41413`;

exports[`UniswapV3Pool gas tests fee is off #swapExact0For1 first swap in block moves tick, no initialized crossings 1`] = `120964`;

exports[`UniswapV3Pool gas tests fee is off #swapExact0For1 first swap in block with no tick movement 1`] = `105772`;

exports[`UniswapV3Pool gas tests fee is off #swapExact0For1 first swap in block, large swap crossing a single initialized tick 1`] = `168249`;

exports[`UniswapV3Pool gas tests fee is off #swapExact0For1 first swap in block, large swap crossing several initialized ticks 1`] = `287231`;

exports[`UniswapV3Pool gas tests fee is off #swapExact0For1 first swap in block, large swap, no initialized crossings 1`] = `134498`;

exports[`UniswapV3Pool gas tests fee is off #swapExact0For1 large swap crossing several initialized ticks after some time passes 1`] = `287231`;

exports[`UniswapV3Pool gas tests fee is off #swapExact0For1 large swap crossing several initialized ticks second time after some time passes 1`] = `238087`;

exports[`UniswapV3Pool gas tests fee is off #swapExact0For1 second swap in block moves tick, no initialized crossings 1`] = `120964`;

exports[`UniswapV3Pool gas tests fee is off #swapExact0For1 second swap in block with no tick movement 1`] = `105996`;

exports[`UniswapV3Pool gas tests fee is off #swapExact0For1 second swap in block, large swap crossing a single initialized tick 1`] = `155343`;

exports[`UniswapV3Pool gas tests fee is off #swapExact0For1 second swap in block, large swap crossing several initialized ticks 1`] = `274277`;

exports[`UniswapV3Pool gas tests fee is on #burn above current price burn entire position after some time passes 1`] = `119805`;

exports[`UniswapV3Pool gas tests fee is on #burn above current price burn when only position using ticks 1`] = `119805`;

exports[`UniswapV3Pool gas tests fee is on #burn above current price entire position burn but other positions are using the ticks 1`] = `120641`;

exports[`UniswapV3Pool gas tests fee is on #burn above current price partial position burn 1`] = `130241`;

exports[`UniswapV3Pool gas tests fee is on #burn around current price burn entire position after some time passes 1`] = `156427`;

exports[`UniswapV3Pool gas tests fee is on #burn around current price burn when only position using ticks 1`] = `134669`;

exports[`UniswapV3Pool gas tests fee is on #burn around current price entire position burn but other positions are using the ticks 1`] = `128821`;

exports[`UniswapV3Pool gas tests fee is on #burn around current price partial position burn 1`] = `138421`;

exports[`UniswapV3Pool gas tests fee is on #burn below current price burn entire position after some time passes 1`] = `131211`;

exports[`UniswapV3Pool gas tests fee is on #burn below current price burn when only position using ticks 1`] = `131211`;

exports[`UniswapV3Pool gas tests fee is on #burn below current price entire position burn but other positions are using the ticks 1`] = `123698`;

exports[`UniswapV3Pool gas tests fee is on #burn below current price partial position burn 1`] = `133298`;

exports[`UniswapV3Pool gas tests fee is on #collect close to worst case 1`] = `45892`;

exports[`UniswapV3Pool gas tests fee is on #increaseObservationCardinalityNext grow by 1 slot 1`] = `50681`;

exports[`UniswapV3Pool gas tests fee is on #increaseObservationCardinalityNext no op 1`] = `24310`;

exports[`UniswapV3Pool gas tests fee is on #mint above current price add to position after some time passes 1`] = `139105`;

exports[`UniswapV3Pool gas tests fee is on #mint above current price add to position existing 1`] = `139105`;

exports[`UniswapV3Pool gas tests fee is on #mint above current price new position mint first in range 1`] = `335564`;

exports[`UniswapV3Pool gas tests fee is on #mint above current price second position in same range 1`] = `234100`;

exports[`UniswapV3Pool gas tests fee is on #mint around current price add to position after some time passes 1`] = `201338`;

exports[`UniswapV3Pool gas tests fee is on #mint around current price add to position existing 1`] = `171334`;

exports[`UniswapV3Pool gas tests fee is on #mint around current price new position mint first in range 1`] = `440275`;

exports[`UniswapV3Pool gas tests fee is on #mint around current price second position in same range 1`] = `266329`;

exports[`UniswapV3Pool gas tests fee is on #mint below current price add to position after some time passes 1`] = `142643`;

exports[`UniswapV3Pool gas tests fee is on #mint below current price add to position existing 1`] = `142643`;

exports[`UniswapV3Pool gas tests fee is on #mint below current price new position mint first in range 1`] = `420171`;

exports[`UniswapV3Pool gas tests fee is on #mint below current price second position in same range 1`] = `237638`;

exports[`UniswapV3Pool gas tests fee is on #poke best case 1`] = `82311`;

exports[`UniswapV3Pool gas tests fee is on #snapshotCumulativesInside tick above 1`] = `35771`;

exports[`UniswapV3Pool gas tests fee is on #snapshotCumulativesInside tick below 1`] = `35725`;

exports[`UniswapV3Pool gas tests fee is on #snapshotCumulativesInside tick inside 1`] = `41413`;

exports[`UniswapV3Pool gas tests fee is on #swapExact0For1 first swap in block moves tick, no initialized crossings 1`] = `126526`;

exports[`UniswapV3Pool gas tests fee is on #swapExact0For1 first swap in block with no tick movement 1`] = `105901`;

exports[`UniswapV3Pool gas tests fee is on #swapExact0For1 first swap in block, large swap crossing a single initialized tick 1`] = `173940`;

exports[`UniswapV3Pool gas tests fee is on #swapExact0For1 first swap in block, large swap crossing several initialized ticks 1`] = `293309`;

exports[`UniswapV3Pool gas tests fee is on #swapExact0For1 first swap in block, large swap, no initialized crossings 1`] = `140318`;

exports[`UniswapV3Pool gas tests fee is on #swapExact0For1 large swap crossing several initialized ticks after some time passes 1`] = `293309`;

exports[`UniswapV3Pool gas tests fee is on #swapExact0For1 large swap crossing several initialized ticks second time after some time passes 1`] = `244165`;

exports[`UniswapV3Pool gas tests fee is on #swapExact0For1 second swap in block moves tick, no initialized crossings 1`] = `126526`;

exports[`UniswapV3Pool gas tests fee is on #swapExact0For1 second swap in block with no tick movement 1`] = `106125`;

exports[`UniswapV3Pool gas tests fee is on #swapExact0For1 second swap in block, large swap crossing a single initialized tick 1`] = `160905`;

exports[`UniswapV3Pool gas tests fee is on #swapExact0For1 second swap in block, large swap crossing several initialized ticks 1`] = `280226`;
