// Jest Snapshot v1, https://goo.gl/fbAQLP

exports[`PositionValue #fees when price is above the position range gas 1`] = `93149`;

exports[`PositionValue #fees when price is below the position range gas 1`] = `93117`;

exports[`PositionValue #fees when price is within the position range gas 1`] = `102763`;

exports[`PositionValue #principal gas 1`] = `32578`;

exports[`PositionValue #total gas 1`] = `110401`;
