// Jest Snapshot v1, https://goo.gl/fbAQLP

exports[`SwapRouter gas tests #exactInput 0 -> 1 -> 2 1`] = `238868`;

exports[`SwapRouter gas tests #exactInput 0 -> 1 1`] = `153326`;

exports[`SwapRouter gas tests #exactInput 0 -> 1 minimal 1`] = `134607`;

exports[`SwapRouter gas tests #exactInput 0 -> WETH9 1`] = `175648`;

exports[`SwapRouter gas tests #exactInput 2 trades (via router) 1`] = `257657`;

exports[`SwapRouter gas tests #exactInput 3 trades (directly to sender) 1`] = `348235`;

exports[`SwapRouter gas tests #exactInput WETH9 -> 0 1`] = `151932`;

exports[`SwapRouter gas tests #exactInputSingle 0 -> 1 1`] = `152761`;

exports[`SwapRouter gas tests #exactInputSingle 0 -> WETH9 1`] = `175071`;

exports[`SwapRouter gas tests #exactInputSingle WETH9 -> 0 1`] = `151367`;

exports[`SwapRouter gas tests #exactOutput 0 -> 1 -> 2 1`] = `256020`;

exports[`SwapRouter gas tests #exactOutput 0 -> 1 1`] = `177918`;

exports[`SwapRouter gas tests #exactOutput 0 -> WETH9 1`] = `196779`;

exports[`SwapRouter gas tests #exactOutput WETH9 -> 0 1`] = `186828`;

exports[`SwapRouter gas tests #exactOutputSingle 0 -> 1 1`] = `178098`;

exports[`SwapRouter gas tests #exactOutputSingle 0 -> WETH9 1`] = `196959`;

exports[`SwapRouter gas tests #exactOutputSingle WETH9 -> 0 1`] = `181651`;

exports[`SwapRouter gas tests 3 trades (directly to sender) 1`] = `247404`;
